<html>
<body>
<pre>
<h1>µVision Build Log</h1>
<h2>Project:</h2>
C:\Users\mostl\Documents\Classes\2018\Spring 2018\CECS 346\Smart_Car\smart-car\StepperMotor.uvproj
Project File Date:  05/02/2018

<h2>Output:</h2>
Rebuild target 'HelloLaunchPad'
assembling startup.s...
compiling StepperTestMain.c...
StepperTestMain.c(51): warning:  #177-D: variable "i" was declared but never referenced
        unsigned int i=0;
StepperTestMain.c: 1 warning, 0 errors
compiling stepper.c...
compiling SysTick.c...
linking...
Program Size: Code=1880 RO-data=56 RW-data=4 ZI-data=1124  
".\smartcar.axf" - 0 Error(s), 1 Warning(s).
Load "C:\\Users\\mostl\\Documents\\Classes\\2018\\Spring 2018\\CECS 346\\Smart_Car\\smart-car\\smartcar.axf" 
Connecting: Mode=JTAG, Speed=1000000Hz
Unable to initialize device!, error code=4
Error: Flash Download failed  -  Target DLL has been cancelled
Load "C:\\Users\\mostl\\Documents\\Classes\\2018\\Spring 2018\\CECS 346\\Smart_Car\\smart-car\\smartcar.axf" 
Connecting: Mode=JTAG, Speed=1000000Hz
Unable to initialize device!, error code=4
Error: Flash Download failed  -  Target DLL has been cancelled
rror code=&d
Error: Flash Download failed  -  Target DLL has been cancelled
Load "C:\\Users\\mostl\\Documents\\Classes\\2018\\Spring 2018\\CECS 346\\Smart_Car\\smart-car\\smartcar.axf" 
Connecting: Mode=JTAG, Speed=1000000Hz
Connection failed!, error code=&d
Error: Flash Download failed  -  Target DLL has been cancelled
Load "C:\\Users\\mostl\\Documents\\Classes\\2018\\Spring 2018\\CECS 346\\Smart_Car\\smart-car\\smartcar.axf" 
Connecting: Mode=JTAG, Speed=1000000Hz
Connection failed!, error code=&d
Error: Flash Download failed  -  Target DLL has been cancelled
Load "C:\\Users\\mostl\\Documents\\Classes\\2018\\Spring 2018\\CECS 346\\Smart_Car\\smart-car\\smartcar.axf" 
Connecting: Mode=JTAG, Speed=1000000Hz
Connection failed!, error code=&d
Error: Flash Download failed  -  Target DLL has been cancelled
Load "C:\\Users\\mostl\\Documents\\Classes\\2018\\Spring 2018\\CECS 346\\Smart_Car\\smart-car\\smartcar.axf" 
Connecting: Mode=JTAG, Speed=1000000Hz
Unable to initialize device!, error code=4
Error: Flash Download failed  -  Target DLL has been cancelled
Load "C:\\Users\\mostl\\Documents\\Classes\\2018\\Spring 2018\\CECS 346\\Smart_Car\\smart-car\\smartcar.axf" 
Connecting: Mode=JTAG, Speed=1000000Hz
Unable to initialize device!, error code=4
Error: Flash Download failed  -  Target DLL has been cancelled
Load "C:\\Users\\mostl\\Documents\\Classes\\2018\\Spring 2018\\CECS 346\\Smart_Car\\smart-car\\smartcar.axf" 
Connecting: Mode=JTAG, Speed=1000000Hz
Unable to initialize device!, error code=4
Error: Flash Download failed  -  Target DLL has been cancelled
Load "C:\\Users\\mostl\\Documents\\Classes\\2018\\Spring 2018\\CECS 346\\Smart_Car\\smart-car\\smartcar.axf" 
Connecting: Mode=JTAG, Speed=1000000Hz
Connection failed!, error code=&d
Error: Flash Download failed  -  Target DLL has been cancelled
Load "C:\\Users\\mostl\\Documents\\Classes\\2018\\Spring 2018\\CECS 346\\Smart_Car\\smart-car\\smartcar.axf" 
Connecting: Mode=JTAG, Speed=1000000Hz
Unable to initialize device!, error code=4
Error: Flash Download failed  -  Target DLL has been cancelled
