<html>
<body>
<pre>
<h1>µVision Build Log</h1>
<h2>Project:</h2>
C:\Users\mostl\Documents\Classes\2018\Spring 2018\CECS 346\Smart_Car\smart-car\StepperMotor.uvproj
Project File Date:  04/28/2017

<h2>Output:</h2>
Rebuild target 'Stepper_Motor'
assembling startup.s...
compiling StepperTestMain.c...
StepperTestMain.c(59): warning:  #177-D: variable "i" was declared but never referenced
        unsigned int i=0;
StepperTestMain.c: 1 warning, 0 errors
compiling stepper.c...
compiling SysTick.c...
linking...
Program Size: Code=2848 RO-data=56 RW-data=56 ZI-data=1120  
".\StepperMotor.axf" - 0 Error(s), 1 Warning(s).
Load "C:\\Users\\mostl\\Documents\\Classes\\2018\\Spring 2018\\CECS 346\\Smart_Car\\smart-car\\StepperMotor.axf" 
Connecting: Mode=JTAG, Speed=1000000Hz
Erase Done.
Programming Done.
Verify OK.
